Archive member included to satisfy reference by file (symbol)

/home/tools/local/Linux32/Microsemi_SoftConsole_v5_2/riscv-unknown-elf-gcc/bin/../lib/gcc/riscv64-unknown-elf/7.1.1/../../../../riscv64-unknown-elf/lib/rv32im/ilp32/libg_nano.a(lib_a-sysisatty.o)
                              ./riscv_hal/syscall.o (isatty)
/home/tools/local/Linux32/Microsemi_SoftConsole_v5_2/riscv-unknown-elf-gcc/bin/../lib/gcc/riscv64-unknown-elf/7.1.1/../../../../riscv64-unknown-elf/lib/rv32im/ilp32/libg_nano.a(lib_a-syswrite.o)
                              ./riscv_hal/riscv_hal.o (write)
/home/tools/local/Linux32/Microsemi_SoftConsole_v5_2/riscv-unknown-elf-gcc/bin/../lib/gcc/riscv64-unknown-elf/7.1.1/../../../../riscv64-unknown-elf/lib/rv32im/ilp32/libg_nano.a(lib_a-writer.o)
                              /home/tools/local/Linux32/Microsemi_SoftConsole_v5_2/riscv-unknown-elf-gcc/bin/../lib/gcc/riscv64-unknown-elf/7.1.1/../../../../riscv64-unknown-elf/lib/rv32im/ilp32/libg_nano.a(lib_a-syswrite.o) (_write_r)
/home/tools/local/Linux32/Microsemi_SoftConsole_v5_2/riscv-unknown-elf-gcc/bin/../lib/gcc/riscv64-unknown-elf/7.1.1/../../../../riscv64-unknown-elf/lib/rv32im/ilp32/libg_nano.a(lib_a-impure.o)
                              /home/tools/local/Linux32/Microsemi_SoftConsole_v5_2/riscv-unknown-elf-gcc/bin/../lib/gcc/riscv64-unknown-elf/7.1.1/../../../../riscv64-unknown-elf/lib/rv32im/ilp32/libg_nano.a(lib_a-syswrite.o) (_impure_ptr)

Allocating common symbols
Common symbol       size              file

errno               0x4               ./riscv_hal/syscall.o
g_uart              0x8               ./main.o
xQueueRegistry      0x40              ./FreeRTOS/queue.o

Discarded input sections

 .text          0x0000000000000000        0x0 ./riscv_hal/entry.o
 .data          0x0000000000000000        0x0 ./riscv_hal/entry.o
 .bss           0x0000000000000000        0x0 ./riscv_hal/entry.o
 .group         0x0000000000000000        0x8 ./riscv_hal/init.o
 .group         0x0000000000000000        0x8 ./riscv_hal/init.o
 .group         0x0000000000000000        0x8 ./riscv_hal/init.o
 .group         0x0000000000000000        0x8 ./riscv_hal/init.o
 .group         0x0000000000000000        0x8 ./riscv_hal/init.o
 .group         0x0000000000000000        0x8 ./riscv_hal/init.o
 .group         0x0000000000000000        0x8 ./riscv_hal/init.o
 .group         0x0000000000000000        0x8 ./riscv_hal/init.o
 .group         0x0000000000000000        0x8 ./riscv_hal/init.o
 .group         0x0000000000000000        0x8 ./riscv_hal/init.o
 .group         0x0000000000000000        0x8 ./riscv_hal/init.o
 .group         0x0000000000000000        0x8 ./riscv_hal/init.o
 .group         0x0000000000000000        0x8 ./riscv_hal/init.o
 .group         0x0000000000000000        0x8 ./riscv_hal/init.o
 .group         0x0000000000000000        0x8 ./riscv_hal/init.o
 .group         0x0000000000000000        0x8 ./riscv_hal/init.o
 .group         0x0000000000000000        0x8 ./riscv_hal/init.o
 .group         0x0000000000000000        0x8 ./riscv_hal/init.o
 .group         0x0000000000000000        0x8 ./riscv_hal/init.o
 .group         0x0000000000000000        0x8 ./riscv_hal/init.o
 .group         0x0000000000000000        0x8 ./riscv_hal/init.o
 .group         0x0000000000000000        0x8 ./riscv_hal/init.o
 .group         0x0000000000000000        0x8 ./riscv_hal/init.o
 .group         0x0000000000000000        0x8 ./riscv_hal/init.o
 .group         0x0000000000000000        0x8 ./riscv_hal/init.o
 .group         0x0000000000000000        0x8 ./riscv_hal/init.o
 .group         0x0000000000000000        0x8 ./riscv_hal/init.o
 .group         0x0000000000000000        0x8 ./riscv_hal/init.o
 .group         0x0000000000000000        0x8 ./riscv_hal/init.o
 .group         0x0000000000000000        0x8 ./riscv_hal/init.o
 .group         0x0000000000000000        0x8 ./riscv_hal/init.o
 .group         0x0000000000000000        0x8 ./riscv_hal/init.o
 .text          0x0000000000000000        0x0 ./riscv_hal/init.o
 .data          0x0000000000000000        0x0 ./riscv_hal/init.o
 .bss           0x0000000000000000        0x0 ./riscv_hal/init.o
 .group         0x0000000000000000        0x8 ./riscv_hal/riscv_hal.o
 .group         0x0000000000000000        0x8 ./riscv_hal/riscv_hal.o
 .group         0x0000000000000000        0x8 ./riscv_hal/riscv_hal.o
 .group         0x0000000000000000        0x8 ./riscv_hal/riscv_hal.o
 .group         0x0000000000000000        0x8 ./riscv_hal/riscv_hal.o
 .group         0x0000000000000000        0x8 ./riscv_hal/riscv_hal.o
 .group         0x0000000000000000        0x8 ./riscv_hal/riscv_hal.o
 .group         0x0000000000000000        0x8 ./riscv_hal/riscv_hal.o
 .group         0x0000000000000000        0x8 ./riscv_hal/riscv_hal.o
 .group         0x0000000000000000        0x8 ./riscv_hal/riscv_hal.o
 .group         0x0000000000000000        0x8 ./riscv_hal/riscv_hal.o
[...]
Memory Configuration

Name             Origin             Length             Attributes
ram              0x0000000080000000 0x0000000000080000 xrw
*default*        0x0000000000000000 0xffffffffffffffff

Linker script and memory map

LOAD ./riscv_hal/entry.o
LOAD ./riscv_hal/init.o
LOAD ./riscv_hal/riscv_hal.o
LOAD ./riscv_hal/riscv_hal_stubs.o
LOAD ./riscv_hal/syscall.o
LOAD ./hal/hal_irq.o
LOAD ./hal/hw_reg_access.o
LOAD ./drivers/CoreUARTapb/core_uart_apb.o
LOAD ./drivers/CoreTimer/core_timer.o
LOAD ./drivers/CoreI2C/core_i2c.o
LOAD ./drivers/CoreI2C/i2c_interrupt.o
LOAD ./drivers/CoreGPIO/core_gpio.o
LOAD ./drivers/Core16550/core_16550.o
LOAD ./FreeRTOS/portable/MemMang/heap_2.o
LOAD ./FreeRTOS/portable/GCC/RISCV/port.o
LOAD ./FreeRTOS/portable/GCC/RISCV/portasm.o
LOAD ./FreeRTOS/croutine.o
LOAD ./FreeRTOS/event_groups.o
LOAD ./FreeRTOS/list.o
LOAD ./FreeRTOS/queue.o
LOAD ./FreeRTOS/string.o
LOAD ./FreeRTOS/tasks.o
LOAD ./FreeRTOS/timers.o
LOAD ./main.o
LOAD /home/tools/local/Linux32/Microsemi_SoftConsole_v5_2/riscv-unknown-elf-gcc/bin/../lib/gcc/riscv64-unknown-elf/7.1.1/rv32im/ilp32/libgcc.a
LOAD /home/tools/local/Linux32/Microsemi_SoftConsole_v5_2/riscv-unknown-elf-gcc/bin/../lib/gcc/riscv64-unknown-elf/7.1.1/../../../../riscv64-unknown-elf/lib/rv32im/ilp32/libg_nano.a
LOAD /home/tools/local/Linux32/Microsemi_SoftConsole_v5_2/riscv-unknown-elf-gcc/bin/../lib/gcc/riscv64-unknown-elf/7.1.1/../../../../riscv64-unknown-elf/lib/rv32im/ilp32/libc_nano.a
LOAD /home/tools/local/Linux32/Microsemi_SoftConsole_v5_2/riscv-unknown-elf-gcc/bin/../lib/gcc/riscv64-unknown-elf/7.1.1/rv32im/ilp32/libgcc.a
START GROUP
LOAD /home/tools/local/Linux32/Microsemi_SoftConsole_v5_2/riscv-unknown-elf-gcc/bin/../lib/gcc/riscv64-unknown-elf/7.1.1/rv32im/ilp32/libgcc.a
LOAD /home/tools/local/Linux32/Microsemi_SoftConsole_v5_2/riscv-unknown-elf-gcc/bin/../lib/gcc/riscv64-unknown-elf/7.1.1/../../../../riscv64-unknown-elf/lib/rv32im/ilp32/libc_nano.a
END GROUP
                0x0000000080000000                RAM_START_ADDRESS = 0x80000000
                0x0000000000080000                RAM_SIZE = 0x80000
                0x0000000000010000                STACK_SIZE = 0x10000
                0x0000000000010000                HEAP_SIZE = 0x10000

.text           0x0000000080000000     0x2dd0
 *(SORT(.text.entry))
 .text.entry    0x0000000080000000      0x160 ./riscv_hal/entry.o
                0x0000000080000000                _start
                0x0000000080000160                . = ALIGN (0x10)
 *(.text .text.* .gnu.linkonce.t.*)
 .text.copy_section
                0x0000000080000160       0x62 ./riscv_hal/init.o
 *fill*         0x00000000800001c2        0x2 
 .text.zero_section
                0x00000000800001c4       0x52 ./riscv_hal/init.o
 *fill*         0x0000000080000216        0x2 
 .text._init    0x0000000080000218       0x96 ./riscv_hal/init.o
                0x0000000080000218                _init
 *fill*         0x00000000800002ae        0x2 
 .text._fini    0x00000000800002b0       0x1e ./riscv_hal/init.o
                0x00000000800002b0                _fini
 *fill*         0x00000000800002ce        0x2 
 .text.PLIC_DisableIRQ
                0x00000000800002d0       0xba ./riscv_hal/riscv_hal.o
 *fill*         0x000000008000038a        0x2 
 .text.PLIC_ClaimIRQ
                0x000000008000038c       0x46 ./riscv_hal/riscv_hal.o
 *fill*         0x00000000800003d2        0x2 
 .text.PLIC_CompleteIRQ
                0x00000000800003d4       0x4e ./riscv_hal/riscv_hal.o
 *fill*         0x0000000080000422        0x2 
 .text.__enable_irq
                0x0000000080000424       0x26 ./riscv_hal/riscv_hal.o
                0x0000000080000424                __enable_irq
 *fill*         0x000000008000044a        0x2 
 .text.handle_m_timer_interrupt
                0x000000008000044c       0xae ./riscv_hal/riscv_hal.o
                0x000000008000044c                handle_m_timer_interrupt
 *fill*         0x00000000800004fa        0x2 
 .text.handle_m_ext_interrupt
                0x00000000800004fc       0x72 ./riscv_hal/riscv_hal.o
                0x00000000800004fc                handle_m_ext_interrupt
 *fill*         0x000000008000056e        0x2 
 .text.handle_m_soft_interrupt
                0x0000000080000570       0x32 ./riscv_hal/riscv_hal.o
                0x0000000080000570                handle_m_soft_interrupt
 *fill*         0x00000000800005a2        0x2 
 .text.handle_trap
                0x00000000800005a4       0xce ./riscv_hal/riscv_hal.o
                0x00000000800005a4                handle_trap
 *fill*         0x0000000080000672        0x2 
 .text.Invalid_IRQHandler
                0x0000000080000674       0x22 ./riscv_hal/riscv_hal_stubs.o
                0x0000000080000674                Invalid_IRQHandler
 *fill*         0x0000000080000696        0x2 
 .text.External_1_IRQHandler
                0x0000000080000698       0x22 ./riscv_hal/riscv_hal_stubs.o
                0x0000000080000698                External_1_IRQHandler
 *fill*         0x00000000800006ba        0x2 
 .text.External_2_IRQHandler
                0x00000000800006bc       0x22 ./riscv_hal/riscv_hal_stubs.o
                0x00000000800006bc                External_2_IRQHandler
 *fill*         0x00000000800006de        0x2 
 .text.External_3_IRQHandler
                0x00000000800006e0       0x22 ./riscv_hal/riscv_hal_stubs.o
                0x00000000800006e0                External_3_IRQHandler
 *fill*         0x0000000080000702        0x2 
 .text.External_4_IRQHandler
                0x0000000080000704       0x22 ./riscv_hal/riscv_hal_stubs.o
                0x0000000080000704                External_4_IRQHandler
 *fill*         0x0000000080000726        0x2 
 .text.External_5_IRQHandler
                0x0000000080000728       0x22 ./riscv_hal/riscv_hal_stubs.o
                0x0000000080000728                External_5_IRQHandler
 *fill*         0x000000008000074a        0x2 
 .text.External_6_IRQHandler
                0x000000008000074c       0x22 ./riscv_hal/riscv_hal_stubs.o
                0x000000008000074c                External_6_IRQHandler
 *fill*         0x000000008000076e        0x2 
 .text.External_7_IRQHandler
                0x0000000080000770       0x22 ./riscv_hal/riscv_hal_stubs.o
                0x0000000080000770                External_7_IRQHandler
 *fill*         0x0000000080000792        0x2 
 .text.External_8_IRQHandler
                0x0000000080000794       0x22 ./riscv_hal/riscv_hal_stubs.o
                0x0000000080000794                External_8_IRQHandler
 *fill*         0x00000000800007b6        0x2 
 .text.External_9_IRQHandler
                0x00000000800007b8       0x22 ./riscv_hal/riscv_hal_stubs.o
                0x00000000800007b8                External_9_IRQHandler
 *fill*         0x00000000800007da        0x2 
 .text.External_10_IRQHandler
                0x00000000800007dc       0x22 ./riscv_hal/riscv_hal_stubs.o
                0x00000000800007dc                External_10_IRQHandler
 *fill*         0x00000000800007fe        0x2 
 .text.External_11_IRQHandler
                0x0000000080000800       0x22 ./riscv_hal/riscv_hal_stubs.o
                0x0000000080000800                External_11_IRQHandler
 *fill*         0x0000000080000822        0x2 
 .text.External_12_IRQHandler
                0x0000000080000824       0x22 ./riscv_hal/riscv_hal_stubs.o
                0x0000000080000824                External_12_IRQHandler
 *fill*         0x0000000080000846        0x2 
 .text.External_13_IRQHandler
                0x0000000080000848       0x22 ./riscv_hal/riscv_hal_stubs.o
                0x0000000080000848                External_13_IRQHandler
 *fill*         0x000000008000086a        0x2 
 .text.External_14_IRQHandler
                0x000000008000086c       0x22 ./riscv_hal/riscv_hal_stubs.o
                0x000000008000086c                External_14_IRQHandler
 *fill*         0x000000008000088e        0x2 
 .text.External_15_IRQHandler
                0x0000000080000890       0x22 ./riscv_hal/riscv_hal_stubs.o
                0x0000000080000890                External_15_IRQHandler
 *fill*         0x00000000800008b2        0x2 
 .text.External_16_IRQHandler
                0x00000000800008b4       0x22 ./riscv_hal/riscv_hal_stubs.o
                0x00000000800008b4                External_16_IRQHandler
 *fill*         0x00000000800008d6        0x2 
 .text.External_17_IRQHandler
                0x00000000800008d8       0x22 ./riscv_hal/riscv_hal_stubs.o
                0x00000000800008d8                External_17_IRQHandler
 *fill*         0x00000000800008fa        0x2 
 .text.External_18_IRQHandler
                0x00000000800008fc       0x22 ./riscv_hal/riscv_hal_stubs.o
                0x00000000800008fc                External_18_IRQHandler
 *fill*         0x000000008000091e        0x2 
 .text.External_19_IRQHandler
                0x0000000080000920       0x22 ./riscv_hal/riscv_hal_stubs.o
                0x0000000080000920                External_19_IRQHandler
 *fill*         0x0000000080000942        0x2 
 .text.External_20_IRQHandler
                0x0000000080000944       0x22 ./riscv_hal/riscv_hal_stubs.o
                0x0000000080000944                External_20_IRQHandler
 *fill*         0x0000000080000966        0x2 
 .text.External_21_IRQHandler
                0x0000000080000968       0x22 ./riscv_hal/riscv_hal_stubs.o
                0x0000000080000968                External_21_IRQHandler
 *fill*         0x000000008000098a        0x2 
 .text.External_22_IRQHandler
                0x000000008000098c       0x22 ./riscv_hal/riscv_hal_stubs.o
                0x000000008000098c                External_22_IRQHandler
 *fill*         0x00000000800009ae        0x2 
 .text.External_23_IRQHandler
                0x00000000800009b0       0x22 ./riscv_hal/riscv_hal_stubs.o
                0x00000000800009b0                External_23_IRQHandler
 *fill*         0x00000000800009d2        0x2 
 .text.External_24_IRQHandler
                0x00000000800009d4       0x22 ./riscv_hal/riscv_hal_stubs.o
                0x00000000800009d4                External_24_IRQHandler
 *fill*         0x00000000800009f6        0x2 
 .text.External_25_IRQHandler
                0x00000000800009f8       0x22 ./riscv_hal/riscv_hal_stubs.o
                0x00000000800009f8                External_25_IRQHandler
 *fill*         0x0000000080000a1a        0x2 
 .text.External_26_IRQHandler
                0x0000000080000a1c       0x22 ./riscv_hal/riscv_hal_stubs.o
                0x0000000080000a1c                External_26_IRQHandler
 *fill*         0x0000000080000a3e        0x2 
 .text.External_27_IRQHandler
                0x0000000080000a40       0x22 ./riscv_hal/riscv_hal_stubs.o
                0x0000000080000a40                External_27_IRQHandler
 *fill*         0x0000000080000a62        0x2 
 .text.External_28_IRQHandler
                0x0000000080000a64       0x22 ./riscv_hal/riscv_hal_stubs.o
                0x0000000080000a64                External_28_IRQHandler
 *fill*         0x0000000080000a86        0x2 
 .text.External_29_IRQHandler
                0x0000000080000a88       0x22 ./riscv_hal/riscv_hal_stubs.o
                0x0000000080000a88                External_29_IRQHandler
 *fill*         0x0000000080000aaa        0x2 
 .text.External_30_IRQHandler
                0x0000000080000aac       0x22 ./riscv_hal/riscv_hal_stubs.o
                0x0000000080000aac                External_30_IRQHandler
 *fill*         0x0000000080000ace        0x2 
 .text.External_31_IRQHandler
                0x0000000080000ad0       0x22 ./riscv_hal/riscv_hal_stubs.o
                0x0000000080000ad0                External_31_IRQHandler
 *fill*         0x0000000080000af2        0x2 
 .text.write_hex
                0x0000000080000af4       0xea ./riscv_hal/syscall.o
                0x0000000080000af4                write_hex
 *fill*         0x0000000080000bde        0x2 
 .text._exit    0x0000000080000be0       0x52 ./riscv_hal/syscall.o
                0x0000000080000be0                _exit
 *fill*         0x0000000080000c32        0x2 
 .text._isatty  0x0000000080000c34       0x52 ./riscv_hal/syscall.o
                0x0000000080000c34                _isatty
 *fill*         0x0000000080000c86        0x2 
 .text.stub     0x0000000080000c88       0x32 ./riscv_hal/syscall.o
 *fill*         0x0000000080000cba        0x2 
 .text._write   0x0000000080000cbc       0xea ./riscv_hal/syscall.o
                0x0000000080000cbc                _write
 *fill*         0x0000000080000da6        0x2 
 .text          0x0000000080000da8       0xd8 ./hal/hw_reg_access.o
                0x0000000080000da8                HW_set_32bit_reg
                0x0000000080000db0                HW_get_32bit_reg
                0x0000000080000db8                HW_set_32bit_reg_field
                0x0000000080000de0                HW_get_32bit_reg_field
                0x0000000080000df0                HW_set_16bit_reg
                0x0000000080000df8                HW_get_16bit_reg
                0x0000000080000e00                HW_set_16bit_reg_field
                0x0000000080000e28                HW_get_16bit_reg_field
                0x0000000080000e38                HW_set_8bit_reg
                0x0000000080000e40                HW_get_8bit_reg
                0x0000000080000e48                HW_set_8bit_reg_field
                0x0000000080000e70                HW_get_8bit_reg_field
 .text.UART_init
                0x0000000080000e80      0x11a ./drivers/CoreUARTapb/core_uart_apb.o
                0x0000000080000e80                UART_init
 *fill*         0x0000000080000f9a        0x2 
 .text.UART_send
                0x0000000080000f9c       0xb6 ./drivers/CoreUARTapb/core_uart_apb.o
                0x0000000080000f9c                UART_send
 *fill*         0x0000000080001052        0x2 
 .text.UART_polled_tx_string
                0x0000000080001054       0xb2 ./drivers/CoreUARTapb/core_uart_apb.o
                0x0000000080001054                UART_polled_tx_string
 *fill*         0x0000000080001106        0x2 
 .text.pvPortMalloc
                0x0000000080001108      0x1e2 ./FreeRTOS/portable/MemMang/heap_2.o
                0x0000000080001108                pvPortMalloc
 *fill*         0x00000000800012ea        0x2 
 .text.vPortFree
                0x00000000800012ec       0xce ./FreeRTOS/portable/MemMang/heap_2.o
                0x00000000800012ec                vPortFree
 *fill*         0x00000000800013ba        0x2 
 .text.prvHeapInit
                0x00000000800013bc       0x7e ./FreeRTOS/portable/MemMang/heap_2.o
 *fill*         0x000000008000143a        0x2 
 .text.raise_soft_interrupt
                0x000000008000143c       0x4e ./FreeRTOS/portable/GCC/RISCV/port.o
 *fill*         0x000000008000148a        0x2 
 .text.vPortEnterCritical
                0x000000008000148c       0x36 ./FreeRTOS/portable/GCC/RISCV/port.o
                0x000000008000148c                vPortEnterCritical
 *fill*         0x00000000800014c2        0x2 
 .text.vPortExitCritical
                0x00000000800014c4       0x42 ./FreeRTOS/portable/GCC/RISCV/port.o
                0x00000000800014c4                vPortExitCritical
 *fill*         0x0000000080001506        0x2 
 .text.prvSetNextTimerInterrupt
                0x0000000080001508       0xce ./FreeRTOS/portable/GCC/RISCV/port.o
 *fill*         0x00000000800015d6        0x2 
 .text.vPortSetupTimer
                0x00000000800015d8       0xce ./FreeRTOS/portable/GCC/RISCV/port.o
                0x00000000800015d8                vPortSetupTimer
 *fill*         0x00000000800016a6        0x2 
 .text.prvTaskExitError
                0x00000000800016a8       0x2e ./FreeRTOS/portable/GCC/RISCV/port.o
 *fill*         0x00000000800016d6        0x2 
 .text.pxPortInitialiseStack
                0x00000000800016d8       0x96 ./FreeRTOS/portable/GCC/RISCV/port.o
                0x00000000800016d8                pxPortInitialiseStack
 *fill*         0x000000008000176e        0x2 
 .text.SysTick_Handler
                0x0000000080001770       0xd6 ./FreeRTOS/portable/GCC/RISCV/port.o
                0x0000000080001770                SysTick_Handler
 *fill*         0x0000000080001846        0x2 
 .text.xPortStartScheduler
                0x0000000080001848       0x46 ./FreeRTOS/portable/GCC/RISCV/port.o
                0x0000000080001848                xPortStartScheduler
 *fill*         0x000000008000188e        0x2 
 .text.Software_IRQHandler
                0x0000000080001890       0xe6 ./FreeRTOS/portable/GCC/RISCV/port.o
                0x0000000080001890                Software_IRQHandler
 *fill*         0x0000000080001976        0x2 
 .text.vPortYield
                0x0000000080001978       0x2a ./FreeRTOS/portable/GCC/RISCV/port.o
                0x0000000080001978                vPortYield
 *fill*         0x00000000800019a2        0x2 
 .text.vListInitialise
                0x00000000800019a4       0x66 ./FreeRTOS/list.o
                0x00000000800019a4                vListInitialise
 *fill*         0x0000000080001a0a        0x2 
 .text.vListInitialiseItem
                0x0000000080001a0c       0x2a ./FreeRTOS/list.o
                0x0000000080001a0c                vListInitialiseItem
 *fill*         0x0000000080001a36        0x2 
 .text.vListInsertEnd
                0x0000000080001a38       0x8a ./FreeRTOS/list.o
                0x0000000080001a38                vListInsertEnd
 *fill*         0x0000000080001ac2        0x2 
 .text.vListInsert
                0x0000000080001ac4       0xd6 ./FreeRTOS/list.o
                0x0000000080001ac4                vListInsert
 *fill*         0x0000000080001b9a        0x2 
 .text.uxListRemove
                0x0000000080001b9c       0x9a ./FreeRTOS/list.o
                0x0000000080001b9c                uxListRemove
 *fill*         0x0000000080001c36        0x2 
 .text.memset   0x0000000080001c38       0xea ./FreeRTOS/string.o
                0x0000000080001c38                memset
 *fill*         0x0000000080001d22        0x2 
 .text.strlen   0x0000000080001d24       0x52 ./FreeRTOS/string.o
                0x0000000080001d24                strlen
 *fill*         0x0000000080001d76        0x2 
 .text.xTaskGenericCreate
                0x0000000080001d78      0x21e ./FreeRTOS/tasks.o
                0x0000000080001d78                xTaskGenericCreate
 *fill*         0x0000000080001f96        0x2 
 .text.vTaskDelay
                0x0000000080001f98       0x86 ./FreeRTOS/tasks.o
                0x0000000080001f98                vTaskDelay
 *fill*         0x000000008000201e        0x2 
 .text.vTaskStartScheduler
                0x0000000080002020       0x92 ./FreeRTOS/tasks.o
                0x0000000080002020                vTaskStartScheduler
 *fill*         0x00000000800020b2        0x2 
 .text.vTaskSuspendAll
                0x00000000800020b4       0x2a ./FreeRTOS/tasks.o
                0x00000000800020b4                vTaskSuspendAll
 *fill*         0x00000000800020de        0x2 
 .text.xTaskResumeAll
                0x00000000800020e0      0x162 ./FreeRTOS/tasks.o
                0x00000000800020e0                xTaskResumeAll
 *fill*         0x0000000080002242        0x2 
 .text.xTaskIncrementTick
                0x0000000080002244      0x1ee ./FreeRTOS/tasks.o
                0x0000000080002244                xTaskIncrementTick
 *fill*         0x0000000080002432        0x2 
 .text.vTaskSwitchContext
                0x0000000080002434       0xee ./FreeRTOS/tasks.o
                0x0000000080002434                vTaskSwitchContext
 *fill*         0x0000000080002522        0x2 
 .text.prvIdleTask
                0x0000000080002524       0x36 ./FreeRTOS/tasks.o
 *fill*         0x000000008000255a        0x2 
 .text.prvInitialiseTCBVariables
                0x000000008000255c      0x13a ./FreeRTOS/tasks.o
 *fill*         0x0000000080002696        0x2 
 .text.prvInitialiseTaskLists
                0x0000000080002698       0xc2 ./FreeRTOS/tasks.o
 *fill*         0x000000008000275a        0x2 
 .text.prvCheckTasksWaitingTermination
                0x000000008000275c       0xa2 ./FreeRTOS/tasks.o
 *fill*         0x00000000800027fe        0x2 
 .text.prvAddCurrentTaskToDelayedList
                0x0000000080002800       0x8a ./FreeRTOS/tasks.o
 *fill*         0x000000008000288a        0x2 
 .text.prvAllocateTCBAndStack
                0x000000008000288c       0xc2 ./FreeRTOS/tasks.o
 *fill*         0x000000008000294e        0x2 
 .text.prvDeleteTCB
                0x0000000080002950       0x42 ./FreeRTOS/tasks.o
 *fill*         0x0000000080002992        0x2 
 .text.prvResetNextTaskUnblockTime
                0x0000000080002994       0x62 ./FreeRTOS/tasks.o
 *fill*         0x00000000800029f6        0x2 
 .text.PLIC_init
                0x00000000800029f8       0xd2 ./main.o
 *fill*         0x0000000080002aca        0x2 
 .text.main     0x0000000080002acc       0xca ./main.o
                0x0000000080002acc                main
 *fill*         0x0000000080002b96        0x2 
 .text.vApplicationMallocFailedHook
                0x0000000080002b98       0x16 ./main.o
                0x0000000080002b98                vApplicationMallocFailedHook
 *fill*         0x0000000080002bae        0x2 
 .text.vApplicationIdleHook
                0x0000000080002bb0       0x1e ./main.o
                0x0000000080002bb0                vApplicationIdleHook
 *fill*         0x0000000080002bce        0x2 
 .text.vUartTestTask1
                0x0000000080002bd0       0x36 ./main.o
 *fill*         0x0000000080002c06        0x2 
 .text.vUartTestTask2
                0x0000000080002c08       0x36 ./main.o
 *fill*         0x0000000080002c3e        0x2 
 .text.write    0x0000000080002c40       0x1e /home/tools/local/Linux32/Microsemi_SoftConsole_v5_2/riscv-unknown-elf-gcc/bin/../lib/gcc/riscv64-unknown-elf/7.1.1/../../../../riscv64-unknown-elf/lib/rv32im/ilp32/libg_nano.a(lib_a-syswrite.o)
                0x0000000080002c40                write
 *fill*         0x0000000080002c5e        0x2 
 .text._write_r
                0x0000000080002c60       0x56 /home/tools/local/Linux32/Microsemi_SoftConsole_v5_2/riscv-unknown-elf-gcc/bin/../lib/gcc/riscv64-unknown-elf/7.1.1/../../../../riscv64-unknown-elf/lib/rv32im/ilp32/libg_nano.a(lib_a-writer.o)
                0x0000000080002c60                _write_r
 *(.plt)
                0x0000000080002cc0                . = ALIGN (0x10)
 *fill*         0x0000000080002cb6        0xa 
 *crtbegin.o(.ctors)
 *(EXCLUDE_FILE(*crtend.o) .ctors)
 *(SORT(.ctors.*))
 *crtend.o(.ctors)
 *crtbegin.o(.dtors)
 *(EXCLUDE_FILE(*crtend.o) .dtors)
 *(SORT(.dtors.*))
 *crtend.o(.dtors)
 *(.rodata .rodata.* .gnu.linkonce.r.*)
 .rodata        0x0000000080002cc0        0x6 ./riscv_hal/init.o
 *fill*         0x0000000080002cc6        0x2 
 .rodata        0x0000000080002cc8        0x6 ./riscv_hal/riscv_hal.o
 *fill*         0x0000000080002cce        0x2 
 .rodata        0x0000000080002cd0       0x26 ./riscv_hal/syscall.o
 *fill*         0x0000000080002cf6        0x2 
 .rodata        0x0000000080002cf8        0x5 ./FreeRTOS/tasks.o
 *fill*         0x0000000080002cfd        0x3 
 .rodata        0x0000000080002d00       0xcb ./main.o
 *(.gcc_except_table)
 *(.eh_frame_hdr)
 *(.eh_frame)
 *(.init)
 *(.fini)
                [!provide]                        PROVIDE (__preinit_array_start, .)
 *(.preinit_array)
                [!provide]                        PROVIDE (__preinit_array_end, .)
                [!provide]                        PROVIDE (__init_array_start, .)
 *(SORT(.init_array.*))
 *(.init_array)
                [!provide]                        PROVIDE (__init_array_end, .)
                [!provide]                        PROVIDE (__fini_array_start, .)
 *(.fini_array)
 *(SORT(.fini_array.*))
                [!provide]                        PROVIDE (__fini_array_end, .)
                0x0000000080002dd0                . = ALIGN (0x10)
 *fill*         0x0000000080002dcb        0x5 

.rela.dyn       0x0000000080002dd0        0x0
 .rela.text.entry
                0x0000000080002dd0        0x0 ./riscv_hal/entry.o
 .rela.text._init
                0x0000000080002dd0        0x0 ./riscv_hal/entry.o
 .rela.text.handle_m_timer_interrupt
                0x0000000080002dd0        0x0 ./riscv_hal/entry.o
 .rela.data.ext_irq_handler_table
                0x0000000080002dd0        0x0 ./riscv_hal/entry.o
 .rela.text.handle_m_soft_interrupt
                0x0000000080002dd0        0x0 ./riscv_hal/entry.o
 .rela.text.handle_trap
                0x0000000080002dd0        0x0 ./riscv_hal/entry.o
 .rela.text.handle_m_ext_interrupt
                0x0000000080002dd0        0x0 ./riscv_hal/entry.o
 .rela.text.Software_IRQHandler
                0x0000000080002dd0        0x0 ./riscv_hal/entry.o
 .rela.text.write_hex
                0x0000000080002dd0        0x0 ./riscv_hal/entry.o
 .rela.text._exit
                0x0000000080002dd0        0x0 ./riscv_hal/entry.o
 .rela.sdata.curbrk.3488
                0x0000000080002dd0        0x0 ./riscv_hal/entry.o
 .rela.text._sbrk
                0x0000000080002dd0        0x0 ./riscv_hal/entry.o
 .rela.text._isatty
                0x0000000080002dd0        0x0 ./riscv_hal/entry.o
 .rela.text.stub
                0x0000000080002dd0        0x0 ./riscv_hal/entry.o
 .rela.text._fstat
                0x0000000080002dd0        0x0 ./riscv_hal/entry.o
 .rela.text._read
                0x0000000080002dd0        0x0 ./riscv_hal/entry.o
 .rela.text._write
                0x0000000080002dd0        0x0 ./riscv_hal/entry.o
 .rela.text.I2C_init
                0x0000000080002dd0        0x0 ./riscv_hal/entry.o
 .rela.text.I2C_channel_init
                0x0000000080002dd0        0x0 ./riscv_hal/entry.o
 .rela.text.I2C_write
                0x0000000080002dd0        0x0 ./riscv_hal/entry.o
 .rela.text.I2C_read
                0x0000000080002dd0        0x0 ./riscv_hal/entry.o
 .rela.text.I2C_write_read
                0x0000000080002dd0        0x0 ./riscv_hal/entry.o
 .rela.text.I2C_enable_slave
                0x0000000080002dd0        0x0 ./riscv_hal/entry.o
 .rela.text.I2C_isr
                0x0000000080002dd0        0x0 ./riscv_hal/entry.o
 .rela.text.pvPortMalloc
                0x0000000080002dd0        0x0 ./riscv_hal/entry.o
 .rela.text.vPortFree
                0x0000000080002dd0        0x0 ./riscv_hal/entry.o
 .rela.text.SysTick_Handler
                0x0000000080002dd0        0x0 ./riscv_hal/entry.o
 .rela.text.xEventGroupCreate
                0x0000000080002dd0        0x0 ./riscv_hal/entry.o
 .rela.text.xEventGroupSync
                0x0000000080002dd0        0x0 ./riscv_hal/entry.o
 .rela.text.xEventGroupWaitBits
                0x0000000080002dd0        0x0 ./riscv_hal/entry.o
 .rela.text.xEventGroupSetBits
                0x0000000080002dd0        0x0 ./riscv_hal/entry.o
 .rela.text.vEventGroupDelete
                0x0000000080002dd0        0x0 ./riscv_hal/entry.o
 .rela.text.xQueueGenericReset
                0x0000000080002dd0        0x0 ./riscv_hal/entry.o
 .rela.text.xQueueGiveMutexRecursive
                0x0000000080002dd0        0x0 ./riscv_hal/entry.o
 .rela.text.xQueueTakeMutexRecursive
                0x0000000080002dd0        0x0 ./riscv_hal/entry.o
 .rela.text.xQueueGenericSend
                0x0000000080002dd0        0x0 ./riscv_hal/entry.o
 .rela.text.xQueueGenericSendFromISR
                0x0000000080002dd0        0x0 ./riscv_hal/entry.o
 .rela.text.xQueueGiveFromISR
                0x0000000080002dd0        0x0 ./riscv_hal/entry.o
 .rela.text.xQueueGenericReceive
                0x0000000080002dd0        0x0 ./riscv_hal/entry.o
 .rela.text.xQueueReceiveFromISR
                0x0000000080002dd0        0x0 ./riscv_hal/entry.o
 .rela.text.prvCopyDataToQueue
                0x0000000080002dd0        0x0 ./riscv_hal/entry.o
 .rela.text.prvCopyDataFromQueue
                0x0000000080002dd0        0x0 ./riscv_hal/entry.o
 .rela.text.prvUnlockQueue
                0x0000000080002dd0        0x0 ./riscv_hal/entry.o
 .rela.text.vQueueAddToRegistry
                0x0000000080002dd0        0x0 ./riscv_hal/entry.o
 .rela.text.vQueueUnregisterQueue
                0x0000000080002dd0        0x0 ./riscv_hal/entry.o
 .rela.text.prvIdleTask
                0x0000000080002dd0        0x0 ./riscv_hal/entry.o
 .rela.text.main
                0x0000000080002dd0        0x0 ./riscv_hal/entry.o
 .rela.text.vUartTestTask1
                0x0000000080002dd0        0x0 ./riscv_hal/entry.o
 .rela.text.vUartTestTask2
                0x0000000080002dd0        0x0 ./riscv_hal/entry.o
 .rela.text.write
                0x0000000080002dd0        0x0 ./riscv_hal/entry.o
 .rela.text._write_r
                0x0000000080002dd0        0x0 ./riscv_hal/entry.o
 .rela.data.impure_data
                0x0000000080002dd0        0x0 ./riscv_hal/entry.o

.sdata          0x0000000080002dd0       0x20
                0x0000000080002dd0                __sdata_load = LOADADDR (.sdata)
                0x0000000080002dd0                __sdata_start = .
                0x00000000800035d0                PROVIDE (__global_pointer$, (. + 0x800))
 *(.srodata.cst16)
 *(.srodata.cst8)
 *(.srodata.cst4)
 *(.srodata.cst2)
 *(.srodata*)
 *(.sdata .sdata.* .gnu.linkonce.s.*)
 .sdata.xFreeBytesRemaining
                0x0000000080002dd0        0x4 ./FreeRTOS/portable/MemMang/heap_2.o
 .sdata.uxCriticalNesting
                0x0000000080002dd4        0x4 ./FreeRTOS/portable/GCC/RISCV/port.o
 .sdata.mtime   0x0000000080002dd8        0x4 ./FreeRTOS/portable/GCC/RISCV/port.o
 .sdata.mtimecmp
                0x0000000080002ddc        0x4 ./FreeRTOS/portable/GCC/RISCV/port.o
 .sdata._impure_ptr
                0x0000000080002de0        0x4 /home/tools/local/Linux32/Microsemi_SoftConsole_v5_2/riscv-unknown-elf-gcc/bin/../lib/gcc/riscv64-unknown-elf/7.1.1/../../../../riscv64-unknown-elf/lib/rv32im/ilp32/libg_nano.a(lib_a-impure.o)
                0x0000000080002de0                _impure_ptr
                0x0000000080002df0                . = ALIGN (0x10)
 *fill*         0x0000000080002de4        0xc 
                0x0000000080002df0                __sdata_end = .

.data           0x0000000080002df0       0xe0
                0x0000000080002df0                __data_load = LOADADDR (.data)
                0x0000000080002df0                __data_start = .
 *(.got.plt)
 *(.got)
 *(.shdata)
 *(.data .data.* .gnu.linkonce.d.*)
 .data.ext_irq_handler_table
                0x0000000080002df0       0x80 ./riscv_hal/riscv_hal.o
                0x0000000080002df0                ext_irq_handler_table
 .data.impure_data
                0x0000000080002e70       0x60 /home/tools/local/Linux32/Microsemi_SoftConsole_v5_2/riscv-unknown-elf-gcc/bin/../lib/gcc/riscv64-unknown-elf/7.1.1/../../../../riscv64-unknown-elf/lib/rv32im/ilp32/libg_nano.a(lib_a-impure.o)
                0x0000000080002ed0                . = ALIGN (0x10)
                0x0000000080002ed0                __data_end = .

.sbss           0x0000000080002ed0       0x70
                0x0000000080002ed0                __sbss_start = .
 *(.sbss .sbss.* .gnu.linkonce.sb.*)
 .sbss.g_systick_increment
                0x0000000080002ed0        0x8 ./riscv_hal/riscv_hal.o
 .sbss.g_stdio_uart
                0x0000000080002ed8        0x8 ./riscv_hal/syscall.o
 .sbss.g_stdio_uart_init_done
                0x0000000080002ee0        0x4 ./riscv_hal/syscall.o
 .sbss.xStart   0x0000000080002ee4        0x8 ./FreeRTOS/portable/MemMang/heap_2.o
 .sbss.xEnd     0x0000000080002eec        0x8 ./FreeRTOS/portable/MemMang/heap_2.o
 .sbss.xHeapHasBeenInitialised.2592
                0x0000000080002ef4        0x4 ./FreeRTOS/portable/MemMang/heap_2.o
 .sbss.g_startscheduler
                0x0000000080002ef8        0x4 ./FreeRTOS/portable/GCC/RISCV/port.o
                0x0000000080002ef8                g_startscheduler
 .sbss.pxCurrentTCB
                0x0000000080002efc        0x4 ./FreeRTOS/tasks.o
                0x0000000080002efc                pxCurrentTCB
 .sbss.pxDelayedTaskList
                0x0000000080002f00        0x4 ./FreeRTOS/tasks.o
 .sbss.pxOverflowDelayedTaskList
                0x0000000080002f04        0x4 ./FreeRTOS/tasks.o
 .sbss.uxTasksDeleted
                0x0000000080002f08        0x4 ./FreeRTOS/tasks.o
 .sbss.uxCurrentNumberOfTasks
                0x0000000080002f0c        0x4 ./FreeRTOS/tasks.o
 .sbss.xTickCount
                0x0000000080002f10        0x4 ./FreeRTOS/tasks.o
 .sbss.uxTopReadyPriority
                0x0000000080002f14        0x4 ./FreeRTOS/tasks.o
 .sbss.xSchedulerRunning
                0x0000000080002f18        0x4 ./FreeRTOS/tasks.o
 .sbss.uxPendedTicks
                0x0000000080002f1c        0x4 ./FreeRTOS/tasks.o
 .sbss.xYieldPending
                0x0000000080002f20        0x4 ./FreeRTOS/tasks.o
 .sbss.xNumOfOverflows
                0x0000000080002f24        0x4 ./FreeRTOS/tasks.o
 .sbss.uxTaskNumber
                0x0000000080002f28        0x4 ./FreeRTOS/tasks.o
 .sbss.xNextTaskUnblockTime
                0x0000000080002f2c        0x4 ./FreeRTOS/tasks.o
 .sbss.uxSchedulerSuspended
                0x0000000080002f30        0x4 ./FreeRTOS/tasks.o
 *(.scommon)
                0x0000000080002f40                . = ALIGN (0x10)
 *fill*         0x0000000080002f34        0xc 
                0x0000000080002f40                __sbss_end = .

.bss            0x0000000080002f40    0x190e0
                0x0000000080002f40                __bss_start = .
 *(.shbss)
 *(.bss .bss.* .gnu.linkonce.b.*)
 .bss.ucHeap    0x0000000080002f40    0x19000 ./FreeRTOS/portable/MemMang/heap_2.o
 .bss.pxReadyTasksLists
                0x000000008001bf40       0x64 ./FreeRTOS/tasks.o
 .bss.xDelayedTaskList1
                0x000000008001bfa4       0x14 ./FreeRTOS/tasks.o
 .bss.xDelayedTaskList2
                0x000000008001bfb8       0x14 ./FreeRTOS/tasks.o
 .bss.xPendingReadyList
                0x000000008001bfcc       0x14 ./FreeRTOS/tasks.o
 .bss.xTasksWaitingTermination
                0x000000008001bfe0       0x14 ./FreeRTOS/tasks.o
 .bss.xSuspendedTaskList
                0x000000008001bff4       0x14 ./FreeRTOS/tasks.o
 *(COMMON)
 COMMON         0x000000008001c008        0x4 ./riscv_hal/syscall.o
                0x000000008001c008                errno
 COMMON         0x000000008001c00c        0x8 ./main.o
                0x000000008001c00c                g_uart
                0x000000008001c020                . = ALIGN (0x10)
 *fill*         0x000000008001c014        0xc 
                0x000000008001c020                __bss_end = .
                0x000000008001c020                _end = .

.heap           0x000000008001c020    0x10000
                0x000000008001c020                __heap_start = .
                0x000000008002c020                . = (. + HEAP_SIZE)
 *fill*         0x000000008001c020    0x10000 
                0x000000008002c020                __heap_end = .
                0x000000008002c020                . = ALIGN (0x10)
                0x000000008002c020                _heap_end = __heap_end

.stack          0x000000008002c020    0x10000
                0x000000008002c020                __stack_bottom = .
                0x000000008003c020                . = (. + STACK_SIZE)
 *fill*         0x000000008002c020    0x10000 
                0x000000008003c020                __stack_top = .
OUTPUT(miv-rv32im-freertos-port-test.elf elf32-littleriscv)

.debug_line     0x0000000000000000     0x5d91
 .debug_line    0x0000000000000000      0x237 ./riscv_hal/entry.o
 .debug_line    0x0000000000000237      0x455 ./riscv_hal/init.o
 .debug_line    0x000000000000068c      0x5c8 ./riscv_hal/riscv_hal.o
 .debug_line    0x0000000000000c54      0x71b ./riscv_hal/riscv_hal_stubs.o
 .debug_line    0x000000000000136f      0x80b ./riscv_hal/syscall.o
 .debug_line    0x0000000000001b7a      0x185 ./hal/hw_reg_access.o
 .debug_line    0x0000000000001cff      0x532 ./drivers/CoreUARTapb/core_uart_apb.o
 .debug_line    0x0000000000002231      0x5f8 ./FreeRTOS/portable/MemMang/heap_2.o
 .debug_line    0x0000000000002829      0x812 ./FreeRTOS/portable/GCC/RISCV/port.o
 .debug_line    0x000000000000303b      0x537 ./FreeRTOS/list.o
 .debug_line    0x0000000000003572      0x4f0 ./FreeRTOS/string.o
 .debug_line    0x0000000000003a62     0x1d7b ./FreeRTOS/tasks.o
 .debug_line    0x00000000000057dd      0x5b4 ./main.o

.debug_info     0x0000000000000000     0x879f
 .debug_info    0x0000000000000000       0x26 ./riscv_hal/entry.o
 .debug_info    0x0000000000000026      0xa5f ./riscv_hal/init.o
 .debug_info    0x0000000000000a85      0xf0d ./riscv_hal/riscv_hal.o
 .debug_info    0x0000000000001992      0x3b5 ./riscv_hal/riscv_hal_stubs.o
 .debug_info    0x0000000000001d47     0x10f6 ./riscv_hal/syscall.o
 .debug_info    0x0000000000002e3d       0x26 ./hal/hw_reg_access.o
 .debug_info    0x0000000000002e63      0x31f ./drivers/CoreUARTapb/core_uart_apb.o
 .debug_info    0x0000000000003182      0xb22 ./FreeRTOS/portable/MemMang/heap_2.o
 .debug_info    0x0000000000003ca4      0xbd9 ./FreeRTOS/portable/GCC/RISCV/port.o
 .debug_info    0x000000000000487d      0xad0 ./FreeRTOS/list.o
 .debug_info    0x000000000000534d      0xac6 ./FreeRTOS/string.o
 .debug_info    0x0000000000005e13     0x1dc7 ./FreeRTOS/tasks.o
 .debug_info    0x0000000000007bda      0xbc5 ./main.o

.debug_abbrev   0x0000000000000000     0x18fe
 .debug_abbrev  0x0000000000000000       0x14 ./riscv_hal/entry.o
 .debug_abbrev  0x0000000000000014      0x232 ./riscv_hal/init.o
 .debug_abbrev  0x0000000000000246      0x2ec ./riscv_hal/riscv_hal.o
 .debug_abbrev  0x0000000000000532       0xb4 ./riscv_hal/riscv_hal_stubs.o
 .debug_abbrev  0x00000000000005e6      0x2b8 ./riscv_hal/syscall.o
 .debug_abbrev  0x000000000000089e       0x14 ./hal/hw_reg_access.o
 .debug_abbrev  0x00000000000008b2      0x10c ./drivers/CoreUARTapb/core_uart_apb.o
 .debug_abbrev  0x00000000000009be      0x289 ./FreeRTOS/portable/MemMang/heap_2.o
 .debug_abbrev  0x0000000000000c47      0x2db ./FreeRTOS/portable/GCC/RISCV/port.o
 .debug_abbrev  0x0000000000000f22      0x1fe ./FreeRTOS/list.o
 .debug_abbrev  0x0000000000001120      0x208 ./FreeRTOS/string.o
 .debug_abbrev  0x0000000000001328      0x33f ./FreeRTOS/tasks.o
 .debug_abbrev  0x0000000000001667      0x297 ./main.o

.debug_aranges  0x0000000000000000      0x678
 .debug_aranges
                0x0000000000000000       0x20 ./riscv_hal/entry.o
 .debug_aranges
                0x0000000000000020       0x38 ./riscv_hal/init.o
 .debug_aranges
                0x0000000000000058       0x68 ./riscv_hal/riscv_hal.o
 .debug_aranges
                0x00000000000000c0      0x130 ./riscv_hal/riscv_hal_stubs.o
 .debug_aranges
                0x00000000000001f0       0xc0 ./riscv_hal/syscall.o
 .debug_aranges
                0x00000000000002b0       0x20 ./hal/hw_reg_access.o
 .debug_aranges
                0x00000000000002d0       0x48 ./drivers/CoreUARTapb/core_uart_apb.o
 .debug_aranges
                0x0000000000000318       0x40 ./FreeRTOS/portable/MemMang/heap_2.o
 .debug_aranges
                0x0000000000000358       0x80 ./FreeRTOS/portable/GCC/RISCV/port.o
 .debug_aranges
                0x00000000000003d8       0x40 ./FreeRTOS/list.o
 .debug_aranges
                0x0000000000000418       0x48 ./FreeRTOS/string.o
 .debug_aranges
                0x0000000000000460      0x1c8 ./FreeRTOS/tasks.o
 .debug_aranges
                0x0000000000000628       0x50 ./main.o

.debug_str      0x0000000000000000    0x11b26
 .debug_str     0x0000000000000000       0x7c ./riscv_hal/entry.o
 .debug_str     0x000000000000007c     0x8998 ./riscv_hal/init.o
                                       0x8c59 (size before relaxing)
 .debug_str     0x0000000000008a14      0x50e ./riscv_hal/riscv_hal.o
                                       0x90dc (size before relaxing)
 .debug_str     0x0000000000008f22      0x306 ./riscv_hal/riscv_hal_stubs.o
                                       0x64e5 (size before relaxing)
 .debug_str     0x0000000000009228     0x14a8 ./riscv_hal/syscall.o
                                       0xa23e (size before relaxing)
 .debug_str     0x000000000000a6d0       0x17 ./hal/hw_reg_access.o
                                         0x7e (size before relaxing)
 .debug_str     0x000000000000a6e7      0xe47 ./drivers/CoreUARTapb/core_uart_apb.o
                                       0x4353 (size before relaxing)
 .debug_str     0x000000000000b52e     0x37ce ./FreeRTOS/portable/MemMang/heap_2.o
                                       0xaa0e (size before relaxing)
 .debug_str     0x000000000000ecfc      0x1aa ./FreeRTOS/portable/GCC/RISCV/port.o
                                       0xa7a1 (size before relaxing)
 .debug_str     0x000000000000eea6      0x11e ./FreeRTOS/list.o
                                       0xa004 (size before relaxing)
 .debug_str     0x000000000000efc4      0x85e ./FreeRTOS/string.o
                                       0x69ff (size before relaxing)
 .debug_str     0x000000000000f822     0x186c ./FreeRTOS/tasks.o
                                       0xc086 (size before relaxing)
 .debug_str     0x000000000001108e      0xa98 ./main.o
                                       0xbb95 (size before relaxing)

.debug_ranges   0x0000000000000000      0x588
 .debug_ranges  0x0000000000000000       0x28 ./riscv_hal/init.o
 .debug_ranges  0x0000000000000028       0x58 ./riscv_hal/riscv_hal.o
 .debug_ranges  0x0000000000000080      0x120 ./riscv_hal/riscv_hal_stubs.o
 .debug_ranges  0x00000000000001a0       0xb0 ./riscv_hal/syscall.o
 .debug_ranges  0x0000000000000250       0x38 ./drivers/CoreUARTapb/core_uart_apb.o
 .debug_ranges  0x0000000000000288       0x30 ./FreeRTOS/portable/MemMang/heap_2.o
 .debug_ranges  0x00000000000002b8       0x70 ./FreeRTOS/portable/GCC/RISCV/port.o
 .debug_ranges  0x0000000000000328       0x30 ./FreeRTOS/list.o
 .debug_ranges  0x0000000000000358       0x38 ./FreeRTOS/string.o
 .debug_ranges  0x0000000000000390      0x1b8 ./FreeRTOS/tasks.o
 .debug_ranges  0x0000000000000548       0x40 ./main.o

.debug_macro    0x0000000000000000     0x471d
 .debug_macro   0x0000000000000000      0x1c9 ./riscv_hal/init.o
 .debug_macro   0x00000000000001c9      0x748 ./riscv_hal/init.o
 .debug_macro   0x0000000000000911       0x22 ./riscv_hal/init.o
 .debug_macro   0x0000000000000933       0x4c ./riscv_hal/init.o
 .debug_macro   0x000000000000097f       0x8d ./riscv_hal/init.o
 .debug_macro   0x0000000000000a0c       0x34 ./riscv_hal/init.o
 .debug_macro   0x0000000000000a40       0x9c ./riscv_hal/init.o
 .debug_macro   0x0000000000000adc       0x16 ./riscv_hal/init.o
 .debug_macro   0x0000000000000af2      0x10e ./riscv_hal/init.o
 .debug_macro   0x0000000000000c00       0x8d ./riscv_hal/init.o
 .debug_macro   0x0000000000000c8d       0x57 ./riscv_hal/init.o
 .debug_macro   0x0000000000000ce4       0x52 ./riscv_hal/init.o
 .debug_macro   0x0000000000000d36       0x1f ./riscv_hal/init.o
 .debug_macro   0x0000000000000d55       0x43 ./riscv_hal/init.o
 .debug_macro   0x0000000000000d98       0x20 ./riscv_hal/init.o
 .debug_macro   0x0000000000000db8      0x187 ./riscv_hal/init.o
 .debug_macro   0x0000000000000f3f      0x30d ./riscv_hal/init.o
 .debug_macro   0x000000000000124c       0x16 ./riscv_hal/init.o
 .debug_macro   0x0000000000001262       0x29 ./riscv_hal/init.o
 .debug_macro   0x000000000000128b       0xef ./riscv_hal/init.o
 .debug_macro   0x000000000000137a       0x6a ./riscv_hal/init.o
 .debug_macro   0x00000000000013e4      0x1df ./riscv_hal/init.o
 .debug_macro   0x00000000000015c3       0x16 ./riscv_hal/init.o
 .debug_macro   0x00000000000015d9       0x10 ./riscv_hal/init.o
 .debug_macro   0x00000000000015e9       0x35 ./riscv_hal/init.o
 .debug_macro   0x000000000000161e       0x1c ./riscv_hal/init.o
 .debug_macro   0x000000000000163a       0x52 ./riscv_hal/init.o
 .debug_macro   0x000000000000168c       0x40 ./riscv_hal/init.o
 .debug_macro   0x00000000000016cc       0x10 ./riscv_hal/init.o
 .debug_macro   0x00000000000016dc       0x40 ./riscv_hal/init.o
 .debug_macro   0x000000000000171c       0xd7 ./riscv_hal/init.o
 .debug_macro   0x00000000000017f3      0x51a ./riscv_hal/init.o
 .debug_macro   0x0000000000001d0d      0x2dc ./riscv_hal/init.o
 .debug_macro   0x0000000000001fe9      0x1f9 ./riscv_hal/riscv_hal.o
 .debug_macro   0x00000000000021e2       0x28 ./riscv_hal/riscv_hal.o
 .debug_macro   0x000000000000220a       0x10 ./riscv_hal/riscv_hal.o
 .debug_macro   0x000000000000221a      0x159 ./riscv_hal/riscv_hal_stubs.o
 .debug_macro   0x0000000000002373       0x10 ./riscv_hal/riscv_hal_stubs.o
 .debug_macro   0x0000000000002383       0xcf ./riscv_hal/riscv_hal_stubs.o
 .debug_macro   0x0000000000002452       0xbe ./riscv_hal/riscv_hal_stubs.o
 .debug_macro   0x0000000000002510      0x2a6 ./riscv_hal/syscall.o
 .debug_macro   0x00000000000027b6       0x87 ./riscv_hal/syscall.o
 .debug_macro   0x000000000000283d       0x51 ./riscv_hal/syscall.o
 .debug_macro   0x000000000000288e       0x52 ./riscv_hal/syscall.o
 .debug_macro   0x00000000000028e0       0x10 ./riscv_hal/syscall.o
 .debug_macro   0x00000000000028f0      0x241 ./riscv_hal/syscall.o
 .debug_macro   0x0000000000002b31       0x16 ./riscv_hal/syscall.o
 .debug_macro   0x0000000000002b47       0x10 ./riscv_hal/syscall.o
 .debug_macro   0x0000000000002b57       0x10 ./riscv_hal/syscall.o
 .debug_macro   0x0000000000002b67       0x35 ./riscv_hal/syscall.o
 .debug_macro   0x0000000000002b9c      0x122 ./riscv_hal/syscall.o
 .debug_macro   0x0000000000002cbe       0x1c ./riscv_hal/syscall.o
 .debug_macro   0x0000000000002cda       0x10 ./riscv_hal/syscall.o
 .debug_macro   0x0000000000002cea       0x10 ./riscv_hal/syscall.o
 .debug_macro   0x0000000000002cfa       0x16 ./riscv_hal/syscall.o
 .debug_macro   0x0000000000002d10      0x176 ./riscv_hal/syscall.o
 .debug_macro   0x0000000000002e86       0x16 ./riscv_hal/syscall.o
 .debug_macro   0x0000000000002e9c       0x40 ./riscv_hal/syscall.o
 .debug_macro   0x0000000000002edc       0x58 ./riscv_hal/syscall.o
 .debug_macro   0x0000000000002f34       0xe1 ./drivers/CoreUARTapb/core_uart_apb.o
 .debug_macro   0x0000000000003015      0x106 ./drivers/CoreUARTapb/core_uart_apb.o
 .debug_macro   0x000000000000311b       0x16 ./drivers/CoreUARTapb/core_uart_apb.o
 .debug_macro   0x0000000000003131      0x1f0 ./FreeRTOS/portable/MemMang/heap_2.o
 .debug_macro   0x0000000000003321       0xfa ./FreeRTOS/portable/MemMang/heap_2.o
 .debug_macro   0x000000000000341b      0x15d ./FreeRTOS/portable/MemMang/heap_2.o
 .debug_macro   0x0000000000003578       0xa6 ./FreeRTOS/portable/MemMang/heap_2.o
 .debug_macro   0x000000000000361e       0x10 ./FreeRTOS/portable/MemMang/heap_2.o
 .debug_macro   0x000000000000362e       0x1f ./FreeRTOS/portable/MemMang/heap_2.o
 .debug_macro   0x000000000000364d      0x3ca ./FreeRTOS/portable/MemMang/heap_2.o
 .debug_macro   0x0000000000003a17       0xc0 ./FreeRTOS/portable/MemMang/heap_2.o
 .debug_macro   0x0000000000003ad7       0x9a ./FreeRTOS/portable/MemMang/heap_2.o
 .debug_macro   0x0000000000003b71      0x1d2 ./FreeRTOS/portable/GCC/RISCV/port.o
 .debug_macro   0x0000000000003d43      0x174 ./FreeRTOS/portable/GCC/RISCV/port.o
 .debug_macro   0x0000000000003eb7       0x10 ./FreeRTOS/portable/GCC/RISCV/port.o
 .debug_macro   0x0000000000003ec7      0x1c2 ./FreeRTOS/list.o
 .debug_macro   0x0000000000004089      0x125 ./FreeRTOS/string.o
 .debug_macro   0x00000000000041ae      0x111 ./FreeRTOS/string.o
 .debug_macro   0x00000000000042bf      0x260 ./FreeRTOS/tasks.o
 .debug_macro   0x000000000000451f       0x11 ./FreeRTOS/tasks.o
 .debug_macro   0x0000000000004530      0x1ed ./main.o

.comment        0x0000000000000000       0x43
 .comment       0x0000000000000000       0x43 ./riscv_hal/init.o
                                         0x44 (size before relaxing)
 .comment       0x0000000000000043       0x44 ./riscv_hal/riscv_hal.o
 .comment       0x0000000000000043       0x44 ./riscv_hal/riscv_hal_stubs.o
 .comment       0x0000000000000043       0x44 ./riscv_hal/syscall.o
 .comment       0x0000000000000043       0x44 ./drivers/CoreUARTapb/core_uart_apb.o
 .comment       0x0000000000000043       0x44 ./FreeRTOS/portable/MemMang/heap_2.o
 .comment       0x0000000000000043       0x44 ./FreeRTOS/portable/GCC/RISCV/port.o
 .comment       0x0000000000000043       0x44 ./FreeRTOS/list.o
 .comment       0x0000000000000043       0x44 ./FreeRTOS/string.o
 .comment       0x0000000000000043       0x44 ./FreeRTOS/tasks.o
 .comment       0x0000000000000043       0x44 ./main.o
 .comment       0x0000000000000043       0x44 /home/tools/local/Linux32/Microsemi_SoftConsole_v5_2/riscv-unknown-elf-gcc/bin/../lib/gcc/riscv64-unknown-elf/7.1.1/../../../../riscv64-unknown-elf/lib/rv32im/ilp32/libg_nano.a(lib_a-syswrite.o)
 .comment       0x0000000000000043       0x44 /home/tools/local/Linux32/Microsemi_SoftConsole_v5_2/riscv-unknown-elf-gcc/bin/../lib/gcc/riscv64-unknown-elf/7.1.1/../../../../riscv64-unknown-elf/lib/rv32im/ilp32/libg_nano.a(lib_a-writer.o)
 .comment       0x0000000000000043       0x44 /home/tools/local/Linux32/Microsemi_SoftConsole_v5_2/riscv-unknown-elf-gcc/bin/../lib/gcc/riscv64-unknown-elf/7.1.1/../../../../riscv64-unknown-elf/lib/rv32im/ilp32/libg_nano.a(lib_a-impure.o)

.debug_frame    0x0000000000000000     0x16d0
 .debug_frame   0x0000000000000000       0x94 ./riscv_hal/init.o
 .debug_frame   0x0000000000000094      0x164 ./riscv_hal/riscv_hal.o
 .debug_frame   0x00000000000001f8      0x468 ./riscv_hal/riscv_hal_stubs.o
 .debug_frame   0x0000000000000660      0x2ec ./riscv_hal/syscall.o
 .debug_frame   0x000000000000094c       0xf0 ./drivers/CoreUARTapb/core_uart_apb.o
 .debug_frame   0x0000000000000a3c       0xbc ./FreeRTOS/portable/MemMang/heap_2.o
 .debug_frame   0x0000000000000af8      0x1bc ./FreeRTOS/portable/GCC/RISCV/port.o
 .debug_frame   0x0000000000000cb4       0xb0 ./FreeRTOS/list.o
 .debug_frame   0x0000000000000d64       0xd0 ./FreeRTOS/string.o
 .debug_frame   0x0000000000000e34      0x7b8 ./FreeRTOS/tasks.o
 .debug_frame   0x00000000000015ec       0xe4 ./main.o
